exports[`test should render the header 1`] = `
<header>
  <div
    className={undefined}>
    <a
      href="/#">
      <img
        alt="logo"
        className={undefined}
        src="shark.png" />
    </a>
    <h2
      style={
        Object {
          "padding": "15px 0px",
        }
      }>
      LÃ¥nehaien
    </h2>
  </div>
</header>
`;
