exports[`test should render the loans container 1`] = `<div />`;
